../Core/Src/liquidcrystal_i2c.c:48:6:HD44780_Init	16	static
../Core/Src/liquidcrystal_i2c.c:103:6:HD44780_Clear	8	static
../Core/Src/liquidcrystal_i2c.c:109:6:HD44780_Home	8	static
../Core/Src/liquidcrystal_i2c.c:115:6:HD44780_SetCursor	40	static
../Core/Src/liquidcrystal_i2c.c:125:6:HD44780_NoDisplay	8	static
../Core/Src/liquidcrystal_i2c.c:131:6:HD44780_Display	8	static
../Core/Src/liquidcrystal_i2c.c:137:6:HD44780_NoCursor	8	static
../Core/Src/liquidcrystal_i2c.c:143:6:HD44780_Cursor	8	static
../Core/Src/liquidcrystal_i2c.c:149:6:HD44780_NoBlink	8	static
../Core/Src/liquidcrystal_i2c.c:155:6:HD44780_Blink	8	static
../Core/Src/liquidcrystal_i2c.c:161:6:HD44780_ScrollDisplayLeft	8	static
../Core/Src/liquidcrystal_i2c.c:166:6:HD44780_ScrollDisplayRight	8	static
../Core/Src/liquidcrystal_i2c.c:171:6:HD44780_LeftToRight	8	static
../Core/Src/liquidcrystal_i2c.c:177:6:HD44780_RightToLeft	8	static
../Core/Src/liquidcrystal_i2c.c:183:6:HD44780_AutoScroll	8	static
../Core/Src/liquidcrystal_i2c.c:189:6:HD44780_NoAutoScroll	8	static
../Core/Src/liquidcrystal_i2c.c:195:6:HD44780_CreateSpecialChar	24	static
../Core/Src/liquidcrystal_i2c.c:205:6:HD44780_PrintSpecialChar	16	static
../Core/Src/liquidcrystal_i2c.c:210:6:HD44780_LoadCustomCharacter	16	static
../Core/Src/liquidcrystal_i2c.c:215:6:HD44780_PrintStr	16	static
../Core/Src/liquidcrystal_i2c.c:220:6:HD44780_SetBacklight	16	static
../Core/Src/liquidcrystal_i2c.c:226:6:HD44780_NoBacklight	8	static
../Core/Src/liquidcrystal_i2c.c:232:6:HD44780_Backlight	8	static
../Core/Src/liquidcrystal_i2c.c:238:13:SendCommand	16	static
../Core/Src/liquidcrystal_i2c.c:243:13:SendChar	16	static
../Core/Src/liquidcrystal_i2c.c:248:13:Send	24	static
../Core/Src/liquidcrystal_i2c.c:256:13:Write4Bits	16	static
../Core/Src/liquidcrystal_i2c.c:262:13:ExpanderWrite	32	static
../Core/Src/liquidcrystal_i2c.c:268:13:PulseEnable	16	static
../Core/Src/liquidcrystal_i2c.c:277:13:DelayInit	4	static,ignoring_inline_asm
../Core/Src/liquidcrystal_i2c.c:293:13:DelayUS	32	static
