Archive member included to satisfy reference by file (symbol)

/Applications/STM32CubeIDE.app/Contents/Eclipse/plugins/com.st.stm32cube.ide.mcu.externaltools.gnu-tools-for-stm32.12.3.rel1.macos64_1.0.100.202403111906/tools/bin/../lib/gcc/arm-none-eabi/12.3.1/../../../../arm-none-eabi/lib/thumb/v7e-m+fp/hard/libc_nano.a(libc_a-exit.o)
                              /Applications/STM32CubeIDE.app/Contents/Eclipse/plugins/com.st.stm32cube.ide.mcu.externaltools.gnu-tools-for-stm32.12.3.rel1.macos64_1.0.100.202403111906/tools/bin/../lib/gcc/arm-none-eabi/12.3.1/../../../../arm-none-eabi/lib/thumb/v7e-m+fp/hard/crt0.o (exit)
/Applications/STM32CubeIDE.app/Contents/Eclipse/plugins/com.st.stm32cube.ide.mcu.externaltools.gnu-tools-for-stm32.12.3.rel1.macos64_1.0.100.202403111906/tools/bin/../lib/gcc/arm-none-eabi/12.3.1/../../../../arm-none-eabi/lib/thumb/v7e-m+fp/hard/libc_nano.a(libc_a-findfp.o)
                              /Applications/STM32CubeIDE.app/Contents/Eclipse/plugins/com.st.stm32cube.ide.mcu.externaltools.gnu-tools-for-stm32.12.3.rel1.macos64_1.0.100.202403111906/tools/bin/../lib/gcc/arm-none-eabi/12.3.1/../../../../arm-none-eabi/lib/thumb/v7e-m+fp/hard/libc_nano.a(libc_a-exit.o) (__stdio_exit_handler)
/Applications/STM32CubeIDE.app/Contents/Eclipse/plugins/com.st.stm32cube.ide.mcu.externaltools.gnu-tools-for-stm32.12.3.rel1.macos64_1.0.100.202403111906/tools/bin/../lib/gcc/arm-none-eabi/12.3.1/../../../../arm-none-eabi/lib/thumb/v7e-m+fp/hard/libc_nano.a(libc_a-fwalk.o)
                              /Applications/STM32CubeIDE.app/Contents/Eclipse/plugins/com.st.stm32cube.ide.mcu.externaltools.gnu-tools-for-stm32.12.3.rel1.macos64_1.0.100.202403111906/tools/bin/../lib/gcc/arm-none-eabi/12.3.1/../../../../arm-none-eabi/lib/thumb/v7e-m+fp/hard/libc_nano.a(libc_a-findfp.o) (_fwalk_sglue)
/Applications/STM32CubeIDE.app/Contents/Eclipse/plugins/com.st.stm32cube.ide.mcu.externaltools.gnu-tools-for-stm32.12.3.rel1.macos64_1.0.100.202403111906/tools/bin/../lib/gcc/arm-none-eabi/12.3.1/../../../../arm-none-eabi/lib/thumb/v7e-m+fp/hard/libc_nano.a(libc_a-memset.o)
                              /Applications/STM32CubeIDE.app/Contents/Eclipse/plugins/com.st.stm32cube.ide.mcu.externaltools.gnu-tools-for-stm32.12.3.rel1.macos64_1.0.100.202403111906/tools/bin/../lib/gcc/arm-none-eabi/12.3.1/../../../../arm-none-eabi/lib/thumb/v7e-m+fp/hard/crt0.o (memset)
/Applications/STM32CubeIDE.app/Contents/Eclipse/plugins/com.st.stm32cube.ide.mcu.externaltools.gnu-tools-for-stm32.12.3.rel1.macos64_1.0.100.202403111906/tools/bin/../lib/gcc/arm-none-eabi/12.3.1/../../../../arm-none-eabi/lib/thumb/v7e-m+fp/hard/libc_nano.a(libc_a-impure.o)
                              /Applications/STM32CubeIDE.app/Contents/Eclipse/plugins/com.st.stm32cube.ide.mcu.externaltools.gnu-tools-for-stm32.12.3.rel1.macos64_1.0.100.202403111906/tools/bin/../lib/gcc/arm-none-eabi/12.3.1/../../../../arm-none-eabi/lib/thumb/v7e-m+fp/hard/libc_nano.a(libc_a-findfp.o) (_impure_data)
/Applications/STM32CubeIDE.app/Contents/Eclipse/plugins/com.st.stm32cube.ide.mcu.externaltools.gnu-tools-for-stm32.12.3.rel1.macos64_1.0.100.202403111906/tools/bin/../lib/gcc/arm-none-eabi/12.3.1/../../../../arm-none-eabi/lib/thumb/v7e-m+fp/hard/libc_nano.a(libc_a-errno.o)
                              ./Core/Src/syscalls.o (__errno)
/Applications/STM32CubeIDE.app/Contents/Eclipse/plugins/com.st.stm32cube.ide.mcu.externaltools.gnu-tools-for-stm32.12.3.rel1.macos64_1.0.100.202403111906/tools/bin/../lib/gcc/arm-none-eabi/12.3.1/../../../../arm-none-eabi/lib/thumb/v7e-m+fp/hard/libc_nano.a(libc_a-init.o)
                              /Applications/STM32CubeIDE.app/Contents/Eclipse/plugins/com.st.stm32cube.ide.mcu.externaltools.gnu-tools-for-stm32.12.3.rel1.macos64_1.0.100.202403111906/tools/bin/../lib/gcc/arm-none-eabi/12.3.1/../../../../arm-none-eabi/lib/thumb/v7e-m+fp/hard/crt0.o (__libc_init_array)
/Applications/STM32CubeIDE.app/Contents/Eclipse/plugins/com.st.stm32cube.ide.mcu.externaltools.gnu-tools-for-stm32.12.3.rel1.macos64_1.0.100.202403111906/tools/bin/../lib/gcc/arm-none-eabi/12.3.1/../../../../arm-none-eabi/lib/thumb/v7e-m+fp/hard/libc_nano.a(libc_a-lock.o)
                              /Applications/STM32CubeIDE.app/Contents/Eclipse/plugins/com.st.stm32cube.ide.mcu.externaltools.gnu-tools-for-stm32.12.3.rel1.macos64_1.0.100.202403111906/tools/bin/../lib/gcc/arm-none-eabi/12.3.1/../../../../arm-none-eabi/lib/thumb/v7e-m+fp/hard/libc_nano.a(libc_a-findfp.o) (__retarget_lock_init_recursive)
/Applications/STM32CubeIDE.app/Contents/Eclipse/plugins/com.st.stm32cube.ide.mcu.externaltools.gnu-tools-for-stm32.12.3.rel1.macos64_1.0.100.202403111906/tools/bin/../lib/gcc/arm-none-eabi/12.3.1/../../../../arm-none-eabi/lib/thumb/v7e-m+fp/hard/libc_nano.a(libc_a-strcmp.o)
                              ./Core/Src/main.o (strcmp)
[...]
Memory Configuration

Name             Origin             Length             Attributes
CCMRAM           0x10000000         0x00010000         xrw
RAM              0x20000000         0x00020000         xrw
FLASH            0x08000000         0x00100000         xr
*default*        0x00000000         0xffffffff

Linker script and memory map

LOAD /Applications/STM32CubeIDE.app/Contents/Eclipse/plugins/com.st.stm32cube.ide.mcu.externaltools.gnu-tools-for-stm32.12.3.rel1.macos64_1.0.100.202403111906/tools/bin/../lib/gcc/arm-none-eabi/12.3.1/thumb/v7e-m+fp/hard/crti.o
LOAD /Applications/STM32CubeIDE.app/Contents/Eclipse/plugins/com.st.stm32cube.ide.mcu.externaltools.gnu-tools-for-stm32.12.3.rel1.macos64_1.0.100.202403111906/tools/bin/../lib/gcc/arm-none-eabi/12.3.1/thumb/v7e-m+fp/hard/crtbegin.o
LOAD /Applications/STM32CubeIDE.app/Contents/Eclipse/plugins/com.st.stm32cube.ide.mcu.externaltools.gnu-tools-for-stm32.12.3.rel1.macos64_1.0.100.202403111906/tools/bin/../lib/gcc/arm-none-eabi/12.3.1/../../../../arm-none-eabi/lib/thumb/v7e-m+fp/hard/crt0.o
LOAD ./Core/Src/keypad.o
LOAD ./Core/Src/liquidcrystal_i2c.o
LOAD ./Core/Src/main.o
LOAD ./Core/Src/rc522.o
LOAD ./Core/Src/stm32f4xx_hal_msp.o
LOAD ./Core/Src/stm32f4xx_it.o
LOAD ./Core/Src/syscalls.o
LOAD ./Core/Src/sysmem.o
LOAD ./Core/Src/system_stm32f4xx.o
LOAD ./Core/Startup/startup_stm32f407vgtx.o
LOAD ./Drivers/STM32F4xx_HAL_Driver/Src/stm32f4xx_hal.o
LOAD ./Drivers/STM32F4xx_HAL_Driver/Src/stm32f4xx_hal_cortex.o
LOAD ./Drivers/STM32F4xx_HAL_Driver/Src/stm32f4xx_hal_dma.o
LOAD ./Drivers/STM32F4xx_HAL_Driver/Src/stm32f4xx_hal_dma_ex.o
LOAD ./Drivers/STM32F4xx_HAL_Driver/Src/stm32f4xx_hal_exti.o
LOAD ./Drivers/STM32F4xx_HAL_Driver/Src/stm32f4xx_hal_flash.o
LOAD ./Drivers/STM32F4xx_HAL_Driver/Src/stm32f4xx_hal_flash_ex.o
LOAD ./Drivers/STM32F4xx_HAL_Driver/Src/stm32f4xx_hal_flash_ramfunc.o
LOAD ./Drivers/STM32F4xx_HAL_Driver/Src/stm32f4xx_hal_gpio.o
LOAD ./Drivers/STM32F4xx_HAL_Driver/Src/stm32f4xx_hal_i2c.o
LOAD ./Drivers/STM32F4xx_HAL_Driver/Src/stm32f4xx_hal_i2c_ex.o
LOAD ./Drivers/STM32F4xx_HAL_Driver/Src/stm32f4xx_hal_pwr.o
LOAD ./Drivers/STM32F4xx_HAL_Driver/Src/stm32f4xx_hal_pwr_ex.o
LOAD ./Drivers/STM32F4xx_HAL_Driver/Src/stm32f4xx_hal_rcc.o
LOAD ./Drivers/STM32F4xx_HAL_Driver/Src/stm32f4xx_hal_rcc_ex.o
LOAD ./Drivers/STM32F4xx_HAL_Driver/Src/stm32f4xx_hal_spi.o
LOAD ./Drivers/STM32F4xx_HAL_Driver/Src/stm32f4xx_hal_tim.o
LOAD ./Drivers/STM32F4xx_HAL_Driver/Src/stm32f4xx_hal_tim_ex.o
START GROUP
LOAD /Applications/STM32CubeIDE.app/Contents/Eclipse/plugins/com.st.stm32cube.ide.mcu.externaltools.gnu-tools-for-stm32.12.3.rel1.macos64_1.0.100.202403111906/tools/bin/../lib/gcc/arm-none-eabi/12.3.1/../../../../arm-none-eabi/lib/thumb/v7e-m+fp/hard/libc_nano.a
LOAD /Applications/STM32CubeIDE.app/Contents/Eclipse/plugins/com.st.stm32cube.ide.mcu.externaltools.gnu-tools-for-stm32.12.3.rel1.macos64_1.0.100.202403111906/tools/bin/../lib/gcc/arm-none-eabi/12.3.1/../../../../arm-none-eabi/lib/thumb/v7e-m+fp/hard/libm.a
END GROUP
START GROUP
LOAD /Applications/STM32CubeIDE.app/Contents/Eclipse/plugins/com.st.stm32cube.ide.mcu.externaltools.gnu-tools-for-stm32.12.3.rel1.macos64_1.0.100.202403111906/tools/bin/../lib/gcc/arm-none-eabi/12.3.1/thumb/v7e-m+fp/hard/libgcc.a
LOAD /Applications/STM32CubeIDE.app/Contents/Eclipse/plugins/com.st.stm32cube.ide.mcu.externaltools.gnu-tools-for-stm32.12.3.rel1.macos64_1.0.100.202403111906/tools/bin/../lib/gcc/arm-none-eabi/12.3.1/../../../../arm-none-eabi/lib/thumb/v7e-m+fp/hard/libc_nano.a
END GROUP
START GROUP
LOAD /Applications/STM32CubeIDE.app/Contents/Eclipse/plugins/com.st.stm32cube.ide.mcu.externaltools.gnu-tools-for-stm32.12.3.rel1.macos64_1.0.100.202403111906/tools/bin/../lib/gcc/arm-none-eabi/12.3.1/thumb/v7e-m+fp/hard/libgcc.a
LOAD /Applications/STM32CubeIDE.app/Contents/Eclipse/plugins/com.st.stm32cube.ide.mcu.externaltools.gnu-tools-for-stm32.12.3.rel1.macos64_1.0.100.202403111906/tools/bin/../lib/gcc/arm-none-eabi/12.3.1/../../../../arm-none-eabi/lib/thumb/v7e-m+fp/hard/libc_nano.a
LOAD /Applications/STM32CubeIDE.app/Contents/Eclipse/plugins/com.st.stm32cube.ide.mcu.externaltools.gnu-tools-for-stm32.12.3.rel1.macos64_1.0.100.202403111906/tools/bin/../lib/gcc/arm-none-eabi/12.3.1/../../../../arm-none-eabi/lib/thumb/v7e-m+fp/hard/libnosys.a
END GROUP
START GROUP
LOAD /Applications/STM32CubeIDE.app/Contents/Eclipse/plugins/com.st.stm32cube.ide.mcu.externaltools.gnu-tools-for-stm32.12.3.rel1.macos64_1.0.100.202403111906/tools/bin/../lib/gcc/arm-none-eabi/12.3.1/thumb/v7e-m+fp/hard/libgcc.a
LOAD /Applications/STM32CubeIDE.app/Contents/Eclipse/plugins/com.st.stm32cube.ide.mcu.externaltools.gnu-tools-for-stm32.12.3.rel1.macos64_1.0.100.202403111906/tools/bin/../lib/gcc/arm-none-eabi/12.3.1/../../../../arm-none-eabi/lib/thumb/v7e-m+fp/hard/libc_nano.a
LOAD /Applications/STM32CubeIDE.app/Contents/Eclipse/plugins/com.st.stm32cube.ide.mcu.externaltools.gnu-tools-for-stm32.12.3.rel1.macos64_1.0.100.202403111906/tools/bin/../lib/gcc/arm-none-eabi/12.3.1/../../../../arm-none-eabi/lib/thumb/v7e-m+fp/hard/libnosys.a
END GROUP
LOAD /Applications/STM32CubeIDE.app/Contents/Eclipse/plugins/com.st.stm32cube.ide.mcu.externaltools.gnu-tools-for-stm32.12.3.rel1.macos64_1.0.100.202403111906/tools/bin/../lib/gcc/arm-none-eabi/12.3.1/thumb/v7e-m+fp/hard/crtend.o
LOAD /Applications/STM32CubeIDE.app/Contents/Eclipse/plugins/com.st.stm32cube.ide.mcu.externaltools.gnu-tools-for-stm32.12.3.rel1.macos64_1.0.100.202403111906/tools/bin/../lib/gcc/arm-none-eabi/12.3.1/thumb/v7e-m+fp/hard/crtn.o
                0x20020000                        _estack = (ORIGIN (RAM) + LENGTH (RAM))
                0x00000200                        _Min_Heap_Size = 0x200
                0x00000400                        _Min_Stack_Size = 0x400

.isr_vector     0x08000000      0x188
                0x08000000                        . = ALIGN (0x4)
 *(.isr_vector)
 .isr_vector    0x08000000      0x188 ./Core/Startup/startup_stm32f407vgtx.o
                0x08000000                g_pfnVectors
                0x08000188                        . = ALIGN (0x4)

.text           0x08000188     0x4258
                0x08000188                        . = ALIGN (0x4)
 *(.text)
 .text          0x08000188       0x40 /Applications/STM32CubeIDE.app/Contents/Eclipse/plugins/com.st.stm32cube.ide.mcu.externaltools.gnu-tools-for-stm32.12.3.rel1.macos64_1.0.100.202403111906/tools/bin/../lib/gcc/arm-none-eabi/12.3.1/thumb/v7e-m+fp/hard/crtbegin.o
 .text          0x080001c8       0x14 /Applications/STM32CubeIDE.app/Contents/Eclipse/plugins/com.st.stm32cube.ide.mcu.externaltools.gnu-tools-for-stm32.12.3.rel1.macos64_1.0.100.202403111906/tools/bin/../lib/gcc/arm-none-eabi/12.3.1/../../../../arm-none-eabi/lib/thumb/v7e-m+fp/hard/libc_nano.a(libc_a-strcmp.o)
                0x080001c8                strcmp
 .text          0x080001dc       0x30 /Applications/STM32CubeIDE.app/Contents/Eclipse/plugins/com.st.stm32cube.ide.mcu.externaltools.gnu-tools-for-stm32.12.3.rel1.macos64_1.0.100.202403111906/tools/bin/../lib/gcc/arm-none-eabi/12.3.1/thumb/v7e-m+fp/hard/libgcc.a(_aeabi_uldivmod.o)
                0x080001dc                __aeabi_uldivmod
 .text          0x0800020c      0x2bc /Applications/STM32CubeIDE.app/Contents/Eclipse/plugins/com.st.stm32cube.ide.mcu.externaltools.gnu-tools-for-stm32.12.3.rel1.macos64_1.0.100.202403111906/tools/bin/../lib/gcc/arm-none-eabi/12.3.1/thumb/v7e-m+fp/hard/libgcc.a(_udivmoddi4.o)
                0x0800020c                __udivmoddi4
 .text          0x080004c8        0x4 /Applications/STM32CubeIDE.app/Contents/Eclipse/plugins/com.st.stm32cube.ide.mcu.externaltools.gnu-tools-for-stm32.12.3.rel1.macos64_1.0.100.202403111906/tools/bin/../lib/gcc/arm-none-eabi/12.3.1/thumb/v7e-m+fp/hard/libgcc.a(_dvmd_tls.o)
                0x080004c8                __aeabi_ldiv0
                0x080004c8                __aeabi_idiv0
 *(.text*)
 .text.Keypad_Init
                0x080004cc       0xe8 ./Core/Src/keypad.o
                0x080004cc                Keypad_Init
 .text.Keypad_GetKey
                0x080005b4       0xac ./Core/Src/keypad.o
                0x080005b4                Keypad_GetKey
 .text.HD44780_Init
                0x08000660      0x108 ./Core/Src/liquidcrystal_i2c.o
                0x08000660                HD44780_Init
 .text.HD44780_Clear
                0x08000768       0x16 ./Core/Src/liquidcrystal_i2c.o
                0x08000768                HD44780_Clear
 .text.HD44780_Home
                0x0800077e       0x16 ./Core/Src/liquidcrystal_i2c.o
                0x0800077e                HD44780_Home
 .text.HD44780_SetCursor
                0x08000794       0x64 ./Core/Src/liquidcrystal_i2c.o
                0x08000794                HD44780_SetCursor
 .text.HD44780_Display
                0x080007f8       0x2c ./Core/Src/liquidcrystal_i2c.o
                0x080007f8                HD44780_Display
 .text.HD44780_CreateSpecialChar
                0x08000824       0x52 ./Core/Src/liquidcrystal_i2c.o
                0x08000824                HD44780_CreateSpecialChar
 .text.HD44780_PrintStr
                0x08000876       0x2a ./Core/Src/liquidcrystal_i2c.o
                0x08000876                HD44780_PrintStr
 .text.SendCommand
                0x080008a0       0x1c ./Core/Src/liquidcrystal_i2c.o
 .text.SendChar
                0x080008bc       0x1c ./Core/Src/liquidcrystal_i2c.o
 .text.Send     0x080008d8       0x42 ./Core/Src/liquidcrystal_i2c.o
 .text.Write4Bits
                0x0800091a       0x22 ./Core/Src/liquidcrystal_i2c.o
 .text.ExpanderWrite
                0x0800093c       0x38 ./Core/Src/liquidcrystal_i2c.o
 .text.PulseEnable
                0x08000974       0x3a ./Core/Src/liquidcrystal_i2c.o
 *fill*         0x080009ae        0x2 
 .text.DelayInit
                0x080009b0       0x54 ./Core/Src/liquidcrystal_i2c.o
 .text.DelayUS  0x08000a04       0x50 ./Core/Src/liquidcrystal_i2c.o
 .text.updateDoorState
                0x08000a54       0x34 ./Core/Src/main.o
                0x08000a54                updateDoorState
 .text.checkKeypadInput
                0x08000a88       0x84 ./Core/Src/main.o
                0x08000a88                checkKeypadInput
 .text.main     0x08000b0c       0x90 ./Core/Src/main.o
                0x08000b0c                main
 .text.SystemClock_Config
                0x08000b9c       0xd4 ./Core/Src/main.o
                0x08000b9c                SystemClock_Config
 .text.MX_I2C1_Init
                0x08000c70       0x5c ./Core/Src/main.o
 .text.MX_SPI1_Init
                0x08000ccc       0x6c ./Core/Src/main.o
 .text.MX_TIM2_Init
                0x08000d38       0xec ./Core/Src/main.o
 .text.MX_GPIO_Init
                0x08000e24      0x144 ./Core/Src/main.o
 .text.Error_Handler
                0x08000f68        0xc ./Core/Src/main.o
                0x08000f68                Error_Handler
 .text.RC522_SPI_Transfer
                0x08000f74       0x2c ./Core/Src/rc522.o
                0x08000f74                RC522_SPI_Transfer
 .text.Write_MFRC522
                0x08000fa0       0x4c ./Core/Src/rc522.o
                0x08000fa0                Write_MFRC522
 .text.Read_MFRC522
                0x08000fec       0x50 ./Core/Src/rc522.o
                0x08000fec                Read_MFRC522
 .text.SetBitMask
                0x0800103c       0x36 ./Core/Src/rc522.o
                0x0800103c                SetBitMask
 .text.ClearBitMask
                0x08001072       0x40 ./Core/Src/rc522.o
                0x08001072                ClearBitMask
 .text.AntennaOn
                0x080010b2       0x16 ./Core/Src/rc522.o
                0x080010b2                AntennaOn
 .text.MFRC522_Reset
                0x080010c8       0x10 ./Core/Src/rc522.o
                0x080010c8                MFRC522_Reset
 .text.MFRC522_Init
                0x080010d8       0x5c ./Core/Src/rc522.o
                0x080010d8                MFRC522_Init
 .text.MFRC522_ToCard
                0x08001134      0x192 ./Core/Src/rc522.o
                0x08001134                MFRC522_ToCard
 .text.MFRC522_Request
                0x080012c6       0x4a ./Core/Src/rc522.o
                0x080012c6                MFRC522_Request
 .text.MFRC522_Anticoll
                0x08001310       0x7a ./Core/Src/rc522.o
                0x08001310                MFRC522_Anticoll
 *fill*         0x0800138a        0x2 
 .text.HAL_MspInit
                0x0800138c       0x50 ./Core/Src/stm32f4xx_hal_msp.o
                0x0800138c                HAL_MspInit
 .text.HAL_I2C_MspInit
                0x080013dc       0x90 ./Core/Src/stm32f4xx_hal_msp.o
                0x080013dc                HAL_I2C_MspInit
 .text.HAL_SPI_MspInit
                0x0800146c       0x90 ./Core/Src/stm32f4xx_hal_msp.o
                0x0800146c                HAL_SPI_MspInit
 .text.HAL_TIM_Base_MspInit
                0x080014fc       0x40 ./Core/Src/stm32f4xx_hal_msp.o
                0x080014fc                HAL_TIM_Base_MspInit
 .text.HAL_TIM_MspPostInit
                0x0800153c       0x70 ./Core/Src/stm32f4xx_hal_msp.o
                0x0800153c                HAL_TIM_MspPostInit
 .text.NMI_Handler
                0x080015ac        0x8 ./Core/Src/stm32f4xx_it.o
                0x080015ac                NMI_Handler
 .text.HardFault_Handler
                0x080015b4        0x8 ./Core/Src/stm32f4xx_it.o
                0x080015b4                HardFault_Handler
 .text.MemManage_Handler
                0x080015bc        0x8 ./Core/Src/stm32f4xx_it.o
                0x080015bc                MemManage_Handler
 .text.BusFault_Handler
                0x080015c4        0x8 ./Core/Src/stm32f4xx_it.o
                0x080015c4                BusFault_Handler
 .text.UsageFault_Handler
                0x080015cc        0x8 ./Core/Src/stm32f4xx_it.o
                0x080015cc                UsageFault_Handler
 .text.SVC_Handler
                0x080015d4        0xe ./Core/Src/stm32f4xx_it.o
                0x080015d4                SVC_Handler
 .text.DebugMon_Handler
                0x080015e2        0xe ./Core/Src/stm32f4xx_it.o
                0x080015e2                DebugMon_Handler
 .text.PendSV_Handler
                0x080015f0        0xe ./Core/Src/stm32f4xx_it.o
                0x080015f0                PendSV_Handler
 .text.SysTick_Handler
                0x080015fe        0xc ./Core/Src/stm32f4xx_it.o
                0x080015fe                SysTick_Handler
 .text.EXTI9_5_IRQHandler
                0x0800160a       0x24 ./Core/Src/stm32f4xx_it.o
                0x0800160a                EXTI9_5_IRQHandler
 *fill*         0x0800162e        0x2 
 .text.SystemInit
                0x08001630       0x24 ./Core/Src/system_stm32f4xx.o
                0x08001630                SystemInit
 .text.Reset_Handler
                0x08001654       0x50 ./Core/Startup/startup_stm32f407vgtx.o
                0x08001654                Reset_Handler
 .text.Default_Handler
                0x080016a4        0x2 ./Core/Startup/startup_stm32f407vgtx.o
                0x080016a4                DMA1_Stream3_IRQHandler
                0x080016a4                HASH_RNG_IRQHandler
                0x080016a4                EXTI2_IRQHandler
                0x080016a4                TIM8_CC_IRQHandler
                0x080016a4                TIM1_CC_IRQHandler
                0x080016a4                DMA2_Stream5_IRQHandler
                0x080016a4                DMA1_Stream5_IRQHandler
                0x080016a4                PVD_IRQHandler
                0x080016a4                SDIO_IRQHandler
                0x080016a4                TAMP_STAMP_IRQHandler
                0x080016a4                CAN2_RX1_IRQHandler
                0x080016a4                EXTI3_IRQHandler
                0x080016a4                TIM8_TRG_COM_TIM14_IRQHandler
                0x080016a4                TIM1_UP_TIM10_IRQHandler
                0x080016a4                TIM8_UP_TIM13_IRQHandler
                0x080016a4                I2C3_ER_IRQHandler
                0x080016a4                EXTI0_IRQHandler
                0x080016a4                I2C2_EV_IRQHandler
                0x080016a4                DMA1_Stream2_IRQHandler
                0x080016a4                CAN1_RX0_IRQHandler
                0x080016a4                FPU_IRQHandler
                0x080016a4                OTG_HS_WKUP_IRQHandler
                0x080016a4                CAN2_SCE_IRQHandler
                0x080016a4                DMA2_Stream2_IRQHandler
                0x080016a4                SPI1_IRQHandler
                0x080016a4                TIM6_DAC_IRQHandler
                0x080016a4                TIM1_BRK_TIM9_IRQHandler
                0x080016a4                DCMI_IRQHandler
                0x080016a4                CAN2_RX0_IRQHandler
                0x080016a4                DMA2_Stream3_IRQHandler
                0x080016a4                USART6_IRQHandler
                0x080016a4                USART3_IRQHandler
                0x080016a4                CAN1_RX1_IRQHandler
                0x080016a4                UART5_IRQHandler
                0x080016a4                DMA2_Stream0_IRQHandler
                0x080016a4                TIM4_IRQHandler
                0x080016a4                I2C1_EV_IRQHandler
                0x080016a4                DMA1_Stream6_IRQHandler
                0x080016a4                DMA1_Stream1_IRQHandler
                0x080016a4                UART4_IRQHandler
                0x080016a4                TIM3_IRQHandler
                0x080016a4                RCC_IRQHandler
                0x080016a4                TIM8_BRK_TIM12_IRQHandler
                0x080016a4                Default_Handler
                0x080016a4                EXTI15_10_IRQHandler
                0x080016a4                ADC_IRQHandler
                0x080016a4                DMA1_Stream7_IRQHandler
                0x080016a4                TIM7_IRQHandler
                0x080016a4                CAN2_TX_IRQHandler
                0x080016a4                TIM5_IRQHandler
                0x080016a4                DMA2_Stream7_IRQHandler
                0x080016a4                I2C3_EV_IRQHandler
                0x080016a4                RTC_WKUP_IRQHandler
                0x080016a4                ETH_WKUP_IRQHandler
                0x080016a4                SPI2_IRQHandler
                0x080016a4                OTG_HS_EP1_IN_IRQHandler
                0x080016a4                DMA1_Stream0_IRQHandler
                0x080016a4                CAN1_TX_IRQHandler
                0x080016a4                EXTI4_IRQHandler
                0x080016a4                FSMC_IRQHandler
                0x080016a4                ETH_IRQHandler
                0x080016a4                OTG_HS_EP1_OUT_IRQHandler
                0x080016a4                WWDG_IRQHandler
                0x080016a4                TIM2_IRQHandler
                0x080016a4                OTG_FS_WKUP_IRQHandler
                0x080016a4                TIM1_TRG_COM_TIM11_IRQHandler
                0x080016a4                OTG_HS_IRQHandler
                0x080016a4                EXTI1_IRQHandler
                0x080016a4                USART2_IRQHandler
                0x080016a4                I2C2_ER_IRQHandler
                0x080016a4                DMA2_Stream1_IRQHandler
                0x080016a4                CAN1_SCE_IRQHandler
                0x080016a4                FLASH_IRQHandler
                0x080016a4                DMA2_Stream4_IRQHandler
                0x080016a4                USART1_IRQHandler
                0x080016a4                OTG_FS_IRQHandler
                0x080016a4                SPI3_IRQHandler
                0x080016a4                DMA1_Stream4_IRQHandler
                0x080016a4                I2C1_ER_IRQHandler
                0x080016a4                DMA2_Stream6_IRQHandler
                0x080016a4                RTC_Alarm_IRQHandler
 *fill*         0x080016a6        0x2 
 .text.HAL_Init
                0x080016a8       0x44 ./Drivers/STM32F4xx_HAL_Driver/Src/stm32f4xx_hal.o
                0x080016a8                HAL_Init
 .text.HAL_InitTick
                0x080016ec       0x60 ./Drivers/STM32F4xx_HAL_Driver/Src/stm32f4xx_hal.o
                0x080016ec                HAL_InitTick
 .text.HAL_IncTick
                0x0800174c       0x28 ./Drivers/STM32F4xx_HAL_Driver/Src/stm32f4xx_hal.o
                0x0800174c                HAL_IncTick
 .text.HAL_GetTick
                0x08001774       0x18 ./Drivers/STM32F4xx_HAL_Driver/Src/stm32f4xx_hal.o
                0x08001774                HAL_GetTick
 .text.HAL_Delay
                0x0800178c       0x48 ./Drivers/STM32F4xx_HAL_Driver/Src/stm32f4xx_hal.o
                0x0800178c                HAL_Delay
 .text.__NVIC_SetPriorityGrouping
                0x080017d4       0x48 ./Drivers/STM32F4xx_HAL_Driver/Src/stm32f4xx_hal_cortex.o
 .text.__NVIC_GetPriorityGrouping
                0x0800181c       0x1c ./Drivers/STM32F4xx_HAL_Driver/Src/stm32f4xx_hal_cortex.o
 .text.__NVIC_EnableIRQ
                0x08001838       0x3c ./Drivers/STM32F4xx_HAL_Driver/Src/stm32f4xx_hal_cortex.o
 .text.__NVIC_SetPriority
                0x08001874       0x54 ./Drivers/STM32F4xx_HAL_Driver/Src/stm32f4xx_hal_cortex.o
 .text.NVIC_EncodePriority
                0x080018c8       0x66 ./Drivers/STM32F4xx_HAL_Driver/Src/stm32f4xx_hal_cortex.o
 *fill*         0x0800192e        0x2 
 .text.SysTick_Config
                0x08001930       0x44 ./Drivers/STM32F4xx_HAL_Driver/Src/stm32f4xx_hal_cortex.o
 .text.HAL_NVIC_SetPriorityGrouping
                0x08001974       0x16 ./Drivers/STM32F4xx_HAL_Driver/Src/stm32f4xx_hal_cortex.o
                0x08001974                HAL_NVIC_SetPriorityGrouping
 .text.HAL_NVIC_SetPriority
                0x0800198a       0x38 ./Drivers/STM32F4xx_HAL_Driver/Src/stm32f4xx_hal_cortex.o
                0x0800198a                HAL_NVIC_SetPriority
 .text.HAL_NVIC_EnableIRQ
                0x080019c2       0x1c ./Drivers/STM32F4xx_HAL_Driver/Src/stm32f4xx_hal_cortex.o
                0x080019c2                HAL_NVIC_EnableIRQ
 .text.HAL_SYSTICK_Config
                0x080019de       0x18 ./Drivers/STM32F4xx_HAL_Driver/Src/stm32f4xx_hal_cortex.o
                0x080019de                HAL_SYSTICK_Config
 *fill*         0x080019f6        0x2 
 .text.HAL_GPIO_Init
                0x080019f8      0x338 ./Drivers/STM32F4xx_HAL_Driver/Src/stm32f4xx_hal_gpio.o
                0x080019f8                HAL_GPIO_Init
 .text.HAL_GPIO_ReadPin
                0x08001d30       0x30 ./Drivers/STM32F4xx_HAL_Driver/Src/stm32f4xx_hal_gpio.o
                0x08001d30                HAL_GPIO_ReadPin
 .text.HAL_GPIO_WritePin
                0x08001d60       0x32 ./Drivers/STM32F4xx_HAL_Driver/Src/stm32f4xx_hal_gpio.o
                0x08001d60                HAL_GPIO_WritePin
 *fill*         0x08001d92        0x2 
 .text.HAL_GPIO_EXTI_IRQHandler
                0x08001d94       0x30 ./Drivers/STM32F4xx_HAL_Driver/Src/stm32f4xx_hal_gpio.o
                0x08001d94                HAL_GPIO_EXTI_IRQHandler
 .text.HAL_GPIO_EXTI_Callback
                0x08001dc4       0x16 ./Drivers/STM32F4xx_HAL_Driver/Src/stm32f4xx_hal_gpio.o
                0x08001dc4                HAL_GPIO_EXTI_Callback
 *fill*         0x08001dda        0x2 
 .text.HAL_I2C_Init
                0x08001ddc      0x288 ./Drivers/STM32F4xx_HAL_Driver/Src/stm32f4xx_hal_i2c.o
                0x08001ddc                HAL_I2C_Init
 .text.HAL_I2C_Master_Transmit
                0x08002064      0x1fc ./Drivers/STM32F4xx_HAL_Driver/Src/stm32f4xx_hal_i2c.o
                0x08002064                HAL_I2C_Master_Transmit
 .text.I2C_MasterRequestWrite
                0x08002260      0x104 ./Drivers/STM32F4xx_HAL_Driver/Src/stm32f4xx_hal_i2c.o
 .text.I2C_WaitOnFlagUntilTimeout
                0x08002364       0xf4 ./Drivers/STM32F4xx_HAL_Driver/Src/stm32f4xx_hal_i2c.o
 .text.I2C_WaitOnMasterAddressFlagUntilTimeout
                0x08002458      0x140 ./Drivers/STM32F4xx_HAL_Driver/Src/stm32f4xx_hal_i2c.o
 .text.I2C_WaitOnTXEFlagUntilTimeout
                0x08002598       0x90 ./Drivers/STM32F4xx_HAL_Driver/Src/stm32f4xx_hal_i2c.o
 .text.I2C_WaitOnBTFFlagUntilTimeout
                0x08002628       0x90 ./Drivers/STM32F4xx_HAL_Driver/Src/stm32f4xx_hal_i2c.o
 .text.I2C_IsAcknowledgeFailed
                0x080026b8       0x5e ./Drivers/STM32F4xx_HAL_Driver/Src/stm32f4xx_hal_i2c.o
 *fill*         0x08002716        0x2 
 .text.HAL_RCC_OscConfig
                0x08002718      0x4f0 ./Drivers/STM32F4xx_HAL_Driver/Src/stm32f4xx_hal_rcc.o
                0x08002718                HAL_RCC_OscConfig
 .text.HAL_RCC_ClockConfig
                0x08002c08      0x1cc ./Drivers/STM32F4xx_HAL_Driver/Src/stm32f4xx_hal_rcc.o
                0x08002c08                HAL_RCC_ClockConfig
 .text.HAL_RCC_GetSysClockFreq
                0x08002dd4      0x20c ./Drivers/STM32F4xx_HAL_Driver/Src/stm32f4xx_hal_rcc.o
                0x08002dd4                HAL_RCC_GetSysClockFreq
 .text.HAL_RCC_GetHCLKFreq
                0x08002fe0       0x18 ./Drivers/STM32F4xx_HAL_Driver/Src/stm32f4xx_hal_rcc.o
                0x08002fe0                HAL_RCC_GetHCLKFreq
 .text.HAL_RCC_GetPCLK1Freq
                0x08002ff8       0x28 ./Drivers/STM32F4xx_HAL_Driver/Src/stm32f4xx_hal_rcc.o
                0x08002ff8                HAL_RCC_GetPCLK1Freq
 .text.HAL_SPI_Init
                0x08003020      0x112 ./Drivers/STM32F4xx_HAL_Driver/Src/stm32f4xx_hal_spi.o
                0x08003020                HAL_SPI_Init
 .text.HAL_SPI_TransmitReceive
                0x08003132      0x360 ./Drivers/STM32F4xx_HAL_Driver/Src/stm32f4xx_hal_spi.o
                0x08003132                HAL_SPI_TransmitReceive
 *fill*         0x08003492        0x2 
 .text.SPI_WaitFlagStateUntilTimeout
                0x08003494      0x110 ./Drivers/STM32F4xx_HAL_Driver/Src/stm32f4xx_hal_spi.o
 .text.SPI_EndRxTxTransaction
                0x080035a4       0xa8 ./Drivers/STM32F4xx_HAL_Driver/Src/stm32f4xx_hal_spi.o
 .text.HAL_TIM_Base_Init
                0x0800364c       0x9e ./Drivers/STM32F4xx_HAL_Driver/Src/stm32f4xx_hal_tim.o
                0x0800364c                HAL_TIM_Base_Init
 .text.HAL_TIM_PWM_Init
                0x080036ea       0x9e ./Drivers/STM32F4xx_HAL_Driver/Src/stm32f4xx_hal_tim.o
                0x080036ea                HAL_TIM_PWM_Init
 .text.HAL_TIM_PWM_MspInit
                0x08003788       0x14 ./Drivers/STM32F4xx_HAL_Driver/Src/stm32f4xx_hal_tim.o
                0x08003788                HAL_TIM_PWM_MspInit
 .text.HAL_TIM_PWM_Start
                0x0800379c      0x190 ./Drivers/STM32F4xx_HAL_Driver/Src/stm32f4xx_hal_tim.o
                0x0800379c                HAL_TIM_PWM_Start
 .text.HAL_TIM_PWM_ConfigChannel
                0x0800392c      0x184 ./Drivers/STM32F4xx_HAL_Driver/Src/stm32f4xx_hal_tim.o
                0x0800392c                HAL_TIM_PWM_ConfigChannel
 .text.HAL_TIM_ConfigClockSource
                0x08003ab0      0x18e ./Drivers/STM32F4xx_HAL_Driver/Src/stm32f4xx_hal_tim.o
                0x08003ab0                HAL_TIM_ConfigClockSource
 *fill*         0x08003c3e        0x2 
 .text.TIM_Base_SetConfig
                0x08003c40      0x158 ./Drivers/STM32F4xx_HAL_Driver/Src/stm32f4xx_hal_tim.o
                0x08003c40                TIM_Base_SetConfig
 .text.TIM_OC1_SetConfig
                0x08003d98       0xe0 ./Drivers/STM32F4xx_HAL_Driver/Src/stm32f4xx_hal_tim.o
 .text.TIM_OC2_SetConfig
                0x08003e78       0xec ./Drivers/STM32F4xx_HAL_Driver/Src/stm32f4xx_hal_tim.o
                0x08003e78                TIM_OC2_SetConfig
 .text.TIM_OC3_SetConfig
                0x08003f64       0xe8 ./Drivers/STM32F4xx_HAL_Driver/Src/stm32f4xx_hal_tim.o
 .text.TIM_OC4_SetConfig
                0x0800404c       0xac ./Drivers/STM32F4xx_HAL_Driver/Src/stm32f4xx_hal_tim.o
 .text.TIM_TI1_ConfigInputStage
                0x080040f8       0x5e ./Drivers/STM32F4xx_HAL_Driver/Src/stm32f4xx_hal_tim.o
 .text.TIM_TI2_ConfigInputStage
                0x08004156       0x60 ./Drivers/STM32F4xx_HAL_Driver/Src/stm32f4xx_hal_tim.o
 .text.TIM_ITRx_SetConfig
                0x080041b6       0x36 ./Drivers/STM32F4xx_HAL_Driver/Src/stm32f4xx_hal_tim.o
 .text.TIM_ETR_SetConfig
                0x080041ec       0x40 ./Drivers/STM32F4xx_HAL_Driver/Src/stm32f4xx_hal_tim.o
                0x080041ec                TIM_ETR_SetConfig
 .text.TIM_CCxChannelCmd
                0x0800422c       0x4a ./Drivers/STM32F4xx_HAL_Driver/Src/stm32f4xx_hal_tim.o
                0x0800422c                TIM_CCxChannelCmd
 *fill*         0x08004276        0x2 
 .text.HAL_TIMEx_MasterConfigSynchronization
                0x08004278       0xf8 ./Drivers/STM32F4xx_HAL_Driver/Src/stm32f4xx_hal_tim_ex.o
                0x08004278                HAL_TIMEx_MasterConfigSynchronization
 .text.memset   0x08004370       0x10 /Applications/STM32CubeIDE.app/Contents/Eclipse/plugins/com.st.stm32cube.ide.mcu.externaltools.gnu-tools-for-stm32.12.3.rel1.macos64_1.0.100.202403111906/tools/bin/../lib/gcc/arm-none-eabi/12.3.1/../../../../arm-none-eabi/lib/thumb/v7e-m+fp/hard/libc_nano.a(libc_a-memset.o)
                0x08004370                memset
 .text.__libc_init_array
                0x08004380       0x48 /Applications/STM32CubeIDE.app/Contents/Eclipse/plugins/com.st.stm32cube.ide.mcu.externaltools.gnu-tools-for-stm32.12.3.rel1.macos64_1.0.100.202403111906/tools/bin/../lib/gcc/arm-none-eabi/12.3.1/../../../../arm-none-eabi/lib/thumb/v7e-m+fp/hard/libc_nano.a(libc_a-init.o)
                0x08004380                __libc_init_array
 *(.glue_7)
 .glue_7        0x080043c8        0x0 linker stubs
 *(.glue_7t)
 .glue_7t       0x080043c8        0x0 linker stubs
 *(.eh_frame)
 .eh_frame      0x080043c8        0x0 /Applications/STM32CubeIDE.app/Contents/Eclipse/plugins/com.st.stm32cube.ide.mcu.externaltools.gnu-tools-for-stm32.12.3.rel1.macos64_1.0.100.202403111906/tools/bin/../lib/gcc/arm-none-eabi/12.3.1/thumb/v7e-m+fp/hard/crtbegin.o
 *(.init)
 .init          0x080043c8        0x4 /Applications/STM32CubeIDE.app/Contents/Eclipse/plugins/com.st.stm32cube.ide.mcu.externaltools.gnu-tools-for-stm32.12.3.rel1.macos64_1.0.100.202403111906/tools/bin/../lib/gcc/arm-none-eabi/12.3.1/thumb/v7e-m+fp/hard/crti.o
                0x080043c8                _init
 .init          0x080043cc        0x8 /Applications/STM32CubeIDE.app/Contents/Eclipse/plugins/com.st.stm32cube.ide.mcu.externaltools.gnu-tools-for-stm32.12.3.rel1.macos64_1.0.100.202403111906/tools/bin/../lib/gcc/arm-none-eabi/12.3.1/thumb/v7e-m+fp/hard/crtn.o
 *(.fini)
 .fini          0x080043d4        0x4 /Applications/STM32CubeIDE.app/Contents/Eclipse/plugins/com.st.stm32cube.ide.mcu.externaltools.gnu-tools-for-stm32.12.3.rel1.macos64_1.0.100.202403111906/tools/bin/../lib/gcc/arm-none-eabi/12.3.1/thumb/v7e-m+fp/hard/crti.o
                0x080043d4                _fini
 .fini          0x080043d8        0x8 /Applications/STM32CubeIDE.app/Contents/Eclipse/plugins/com.st.stm32cube.ide.mcu.externaltools.gnu-tools-for-stm32.12.3.rel1.macos64_1.0.100.202403111906/tools/bin/../lib/gcc/arm-none-eabi/12.3.1/thumb/v7e-m+fp/hard/crtn.o
                0x080043e0                        . = ALIGN (0x4)
                0x080043e0                        _etext = .

.vfp11_veneer   0x080043e0        0x0
 .vfp11_veneer  0x080043e0        0x0 linker stubs

.v4_bx          0x080043e0        0x0
 .v4_bx         0x080043e0        0x0 linker stubs

.iplt           0x080043e0        0x0
 .iplt          0x080043e0        0x0 /Applications/STM32CubeIDE.app/Contents/Eclipse/plugins/com.st.stm32cube.ide.mcu.externaltools.gnu-tools-for-stm32.12.3.rel1.macos64_1.0.100.202403111906/tools/bin/../lib/gcc/arm-none-eabi/12.3.1/thumb/v7e-m+fp/hard/crtbegin.o

.rodata         0x080043e0       0xa0
                0x080043e0                        . = ALIGN (0x4)
 *(.rodata)
 .rodata        0x080043e0       0x10 ./Core/Src/liquidcrystal_i2c.o
 .rodata        0x080043f0       0x4c ./Core/Src/main.o
 *(.rodata*)
 .rodata.rowPins
                0x0800443c        0x8 ./Core/Src/keypad.o
                0x0800443c                rowPins
 .rodata.colPins
                0x08004444        0x8 ./Core/Src/keypad.o
                0x08004444                colPins
 .rodata.keypad
                0x0800444c       0x10 ./Core/Src/keypad.o
                0x0800444c                keypad
 .rodata.correctPassword
                0x0800445c        0x9 ./Core/Src/main.o
                0x0800445c                correctPassword
 *fill*         0x08004465        0x3 
 .rodata.AHBPrescTable
                0x08004468       0x10 ./Core/Src/system_stm32f4xx.o
                0x08004468                AHBPrescTable
 .rodata.APBPrescTable
                0x08004478        0x8 ./Core/Src/system_stm32f4xx.o
                0x08004478                APBPrescTable
                0x08004480                        . = ALIGN (0x4)

.ARM.extab      0x08004480        0x0
                0x08004480                        . = ALIGN (0x4)
 *(.ARM.extab* .gnu.linkonce.armextab.*)
                0x08004480                        . = ALIGN (0x4)

.ARM            0x08004480        0x8
                0x08004480                        . = ALIGN (0x4)
                0x08004480                        __exidx_start = .
 *(.ARM.exidx*)
 .ARM.exidx     0x08004480        0x8 /Applications/STM32CubeIDE.app/Contents/Eclipse/plugins/com.st.stm32cube.ide.mcu.externaltools.gnu-tools-for-stm32.12.3.rel1.macos64_1.0.100.202403111906/tools/bin/../lib/gcc/arm-none-eabi/12.3.1/../../../../arm-none-eabi/lib/thumb/v7e-m+fp/hard/libc_nano.a(libc_a-strcmp.o)
 .ARM.exidx     0x08004488        0x0 /Applications/STM32CubeIDE.app/Contents/Eclipse/plugins/com.st.stm32cube.ide.mcu.externaltools.gnu-tools-for-stm32.12.3.rel1.macos64_1.0.100.202403111906/tools/bin/../lib/gcc/arm-none-eabi/12.3.1/thumb/v7e-m+fp/hard/libgcc.a(_udivmoddi4.o)
                                  0x8 (size before relaxing)
                0x08004488                        __exidx_end = .
                0x08004488                        . = ALIGN (0x4)

.preinit_array  0x08004488        0x0
                0x08004488                        . = ALIGN (0x4)
                0x08004488                        PROVIDE (__preinit_array_start = .)
 *(.preinit_array*)
                0x08004488                        PROVIDE (__preinit_array_end = .)
                0x08004488                        . = ALIGN (0x4)

.init_array     0x08004488        0x4
                0x08004488                        . = ALIGN (0x4)
                0x08004488                        PROVIDE (__init_array_start = .)
 *(SORT_BY_NAME(.init_array.*))
 *(.init_array*)
 .init_array    0x08004488        0x4 /Applications/STM32CubeIDE.app/Contents/Eclipse/plugins/com.st.stm32cube.ide.mcu.externaltools.gnu-tools-for-stm32.12.3.rel1.macos64_1.0.100.202403111906/tools/bin/../lib/gcc/arm-none-eabi/12.3.1/thumb/v7e-m+fp/hard/crtbegin.o
                0x0800448c                        PROVIDE (__init_array_end = .)
                0x0800448c                        . = ALIGN (0x4)

.fini_array     0x0800448c        0x4
                0x0800448c                        . = ALIGN (0x4)
                [!provide]                        PROVIDE (__fini_array_start = .)
 *(SORT_BY_NAME(.fini_array.*))
 *(.fini_array*)
 .fini_array    0x0800448c        0x4 /Applications/STM32CubeIDE.app/Contents/Eclipse/plugins/com.st.stm32cube.ide.mcu.externaltools.gnu-tools-for-stm32.12.3.rel1.macos64_1.0.100.202403111906/tools/bin/../lib/gcc/arm-none-eabi/12.3.1/thumb/v7e-m+fp/hard/crtbegin.o
                [!provide]                        PROVIDE (__fini_array_end = .)
                0x08004490                        . = ALIGN (0x4)
                0x08004490                        _sidata = LOADADDR (.data)

.rel.dyn        0x08004490        0x0
 .rel.iplt      0x08004490        0x0 /Applications/STM32CubeIDE.app/Contents/Eclipse/plugins/com.st.stm32cube.ide.mcu.externaltools.gnu-tools-for-stm32.12.3.rel1.macos64_1.0.100.202403111906/tools/bin/../lib/gcc/arm-none-eabi/12.3.1/thumb/v7e-m+fp/hard/crtbegin.o

.data           0x20000000       0x1c load address 0x08004490
                0x20000000                        . = ALIGN (0x4)
                0x20000000                        _sdata = .
 *(.data)
 *(.data*)
 .data.special1
                0x20000000        0x8 ./Core/Src/liquidcrystal_i2c.o
                0x20000000                special1
 .data.special2
                0x20000008        0x8 ./Core/Src/liquidcrystal_i2c.o
                0x20000008                special2
 .data.SystemCoreClock
                0x20000010        0x4 ./Core/Src/system_stm32f4xx.o
                0x20000010                SystemCoreClock
 .data.uwTickPrio
                0x20000014        0x4 ./Drivers/STM32F4xx_HAL_Driver/Src/stm32f4xx_hal.o
                0x20000014                uwTickPrio
 .data.uwTickFreq
                0x20000018        0x1 ./Drivers/STM32F4xx_HAL_Driver/Src/stm32f4xx_hal.o
                0x20000018                uwTickFreq
 *(.RamFunc)
 *(.RamFunc*)
                0x2000001c                        . = ALIGN (0x4)
 *fill*         0x20000019        0x3 
                0x2000001c                        _edata = .
                0x080044ac                        _siccmram = LOADADDR (.ccmram)

.igot.plt       0x2000001c        0x0 load address 0x080044ac
 .igot.plt      0x2000001c        0x0 /Applications/STM32CubeIDE.app/Contents/Eclipse/plugins/com.st.stm32cube.ide.mcu.externaltools.gnu-tools-for-stm32.12.3.rel1.macos64_1.0.100.202403111906/tools/bin/../lib/gcc/arm-none-eabi/12.3.1/thumb/v7e-m+fp/hard/crtbegin.o

.ccmram         0x10000000        0x0 load address 0x080044ac
                0x10000000                        . = ALIGN (0x4)
                0x10000000                        _sccmram = .
 *(.ccmram)
 *(.ccmram*)
                0x10000000                        . = ALIGN (0x4)
                0x10000000                        _eccmram = .
                0x10000000                        . = ALIGN (0x4)

.bss            0x2000001c      0x12c
                0x2000001c                        _sbss = .
                0x2000001c                        __bss_start__ = _sbss
 *(.bss)
 .bss           0x2000001c       0x1c /Applications/STM32CubeIDE.app/Contents/Eclipse/plugins/com.st.stm32cube.ide.mcu.externaltools.gnu-tools-for-stm32.12.3.rel1.macos64_1.0.100.202403111906/tools/bin/../lib/gcc/arm-none-eabi/12.3.1/thumb/v7e-m+fp/hard/crtbegin.o
 *(.bss*)
 .bss.dpFunction
                0x20000038        0x1 ./Core/Src/liquidcrystal_i2c.o
                0x20000038                dpFunction
 .bss.dpControl
                0x20000039        0x1 ./Core/Src/liquidcrystal_i2c.o
                0x20000039                dpControl
 .bss.dpMode    0x2000003a        0x1 ./Core/Src/liquidcrystal_i2c.o
                0x2000003a                dpMode
 .bss.dpRows    0x2000003b        0x1 ./Core/Src/liquidcrystal_i2c.o
                0x2000003b                dpRows
 .bss.dpBacklight
                0x2000003c        0x1 ./Core/Src/liquidcrystal_i2c.o
                0x2000003c                dpBacklight
 *fill*         0x2000003d        0x3 
 .bss.hi2c1     0x20000040       0x54 ./Core/Src/main.o
                0x20000040                hi2c1
 .bss.hspi1     0x20000094       0x58 ./Core/Src/main.o
                0x20000094                hspi1
 .bss.htim2     0x200000ec       0x48 ./Core/Src/main.o
                0x200000ec                htim2
 .bss.keypadInput
                0x20000134        0xa ./Core/Src/main.o
                0x20000134                keypadInput
 *fill*         0x2000013e        0x2 
 .bss.inputIndex
                0x20000140        0x4 ./Core/Src/main.o
                0x20000140                inputIndex
 .bss.uwTick    0x20000144        0x4 ./Drivers/STM32F4xx_HAL_Driver/Src/stm32f4xx_hal.o
                0x20000144                uwTick
 *(COMMON)
                0x20000148                        . = ALIGN (0x4)
                0x20000148                        _ebss = .
                0x20000148                        __bss_end__ = _ebss

._user_heap_stack
                0x20000148      0x600
                0x20000148                        . = ALIGN (0x8)
                [!provide]                        PROVIDE (end = .)
                0x20000148                        PROVIDE (_end = .)
                0x20000348                        . = (. + _Min_Heap_Size)
 *fill*         0x20000148      0x200 
                0x20000748                        . = (. + _Min_Stack_Size)
 *fill*         0x20000348      0x400 
                0x20000748                        . = ALIGN (0x8)

/DISCARD/
 libc.a(*)
 libm.a(*)
 libgcc.a(*)

.ARM.attributes
                0x00000000       0x30
 *(.ARM.attributes)
 .ARM.attributes
                0x00000000       0x22 /Applications/STM32CubeIDE.app/Contents/Eclipse/plugins/com.st.stm32cube.ide.mcu.externaltools.gnu-tools-for-stm32.12.3.rel1.macos64_1.0.100.202403111906/tools/bin/../lib/gcc/arm-none-eabi/12.3.1/thumb/v7e-m+fp/hard/crti.o
 .ARM.attributes
                0x00000022       0x34 /Applications/STM32CubeIDE.app/Contents/Eclipse/plugins/com.st.stm32cube.ide.mcu.externaltools.gnu-tools-for-stm32.12.3.rel1.macos64_1.0.100.202403111906/tools/bin/../lib/gcc/arm-none-eabi/12.3.1/thumb/v7e-m+fp/hard/crtbegin.o
 .ARM.attributes
                0x00000056       0x34 ./Core/Src/keypad.o
 .ARM.attributes
                0x0000008a       0x34 ./Core/Src/liquidcrystal_i2c.o
 .ARM.attributes
                0x000000be       0x34 ./Core/Src/main.o
 .ARM.attributes
                0x000000f2       0x34 ./Core/Src/rc522.o
 .ARM.attributes
                0x00000126       0x34 ./Core/Src/stm32f4xx_hal_msp.o
 .ARM.attributes
                0x0000015a       0x34 ./Core/Src/stm32f4xx_it.o
 .ARM.attributes
                0x0000018e       0x34 ./Core/Src/system_stm32f4xx.o
 .ARM.attributes
                0x000001c2       0x21 ./Core/Startup/startup_stm32f407vgtx.o
 .ARM.attributes
                0x000001e3       0x34 ./Drivers/STM32F4xx_HAL_Driver/Src/stm32f4xx_hal.o
 .ARM.attributes
                0x00000217       0x34 ./Drivers/STM32F4xx_HAL_Driver/Src/stm32f4xx_hal_cortex.o
 .ARM.attributes
                0x0000024b       0x34 ./Drivers/STM32F4xx_HAL_Driver/Src/stm32f4xx_hal_gpio.o
 .ARM.attributes
                0x0000027f       0x34 ./Drivers/STM32F4xx_HAL_Driver/Src/stm32f4xx_hal_i2c.o
 .ARM.attributes
                0x000002b3       0x34 ./Drivers/STM32F4xx_HAL_Driver/Src/stm32f4xx_hal_rcc.o
 .ARM.attributes
                0x000002e7       0x34 ./Drivers/STM32F4xx_HAL_Driver/Src/stm32f4xx_hal_spi.o
 .ARM.attributes
                0x0000031b       0x34 ./Drivers/STM32F4xx_HAL_Driver/Src/stm32f4xx_hal_tim.o
 .ARM.attributes
                0x0000034f       0x34 ./Drivers/STM32F4xx_HAL_Driver/Src/stm32f4xx_hal_tim_ex.o
 .ARM.attributes
                0x00000383       0x34 /Applications/STM32CubeIDE.app/Contents/Eclipse/plugins/com.st.stm32cube.ide.mcu.externaltools.gnu-tools-for-stm32.12.3.rel1.macos64_1.0.100.202403111906/tools/bin/../lib/gcc/arm-none-eabi/12.3.1/../../../../arm-none-eabi/lib/thumb/v7e-m+fp/hard/libc_nano.a(libc_a-memset.o)
 .ARM.attributes
                0x000003b7       0x34 /Applications/STM32CubeIDE.app/Contents/Eclipse/plugins/com.st.stm32cube.ide.mcu.externaltools.gnu-tools-for-stm32.12.3.rel1.macos64_1.0.100.202403111906/tools/bin/../lib/gcc/arm-none-eabi/12.3.1/../../../../arm-none-eabi/lib/thumb/v7e-m+fp/hard/libc_nano.a(libc_a-init.o)
 .ARM.attributes
                0x000003eb       0x20 /Applications/STM32CubeIDE.app/Contents/Eclipse/plugins/com.st.stm32cube.ide.mcu.externaltools.gnu-tools-for-stm32.12.3.rel1.macos64_1.0.100.202403111906/tools/bin/../lib/gcc/arm-none-eabi/12.3.1/../../../../arm-none-eabi/lib/thumb/v7e-m+fp/hard/libc_nano.a(libc_a-strcmp.o)
 .ARM.attributes
                0x0000040b       0x22 /Applications/STM32CubeIDE.app/Contents/Eclipse/plugins/com.st.stm32cube.ide.mcu.externaltools.gnu-tools-for-stm32.12.3.rel1.macos64_1.0.100.202403111906/tools/bin/../lib/gcc/arm-none-eabi/12.3.1/thumb/v7e-m+fp/hard/libgcc.a(_aeabi_uldivmod.o)
 .ARM.attributes
                0x0000042d       0x34 /Applications/STM32CubeIDE.app/Contents/Eclipse/plugins/com.st.stm32cube.ide.mcu.externaltools.gnu-tools-for-stm32.12.3.rel1.macos64_1.0.100.202403111906/tools/bin/../lib/gcc/arm-none-eabi/12.3.1/thumb/v7e-m+fp/hard/libgcc.a(_udivmoddi4.o)
 .ARM.attributes
                0x00000461       0x22 /Applications/STM32CubeIDE.app/Contents/Eclipse/plugins/com.st.stm32cube.ide.mcu.externaltools.gnu-tools-for-stm32.12.3.rel1.macos64_1.0.100.202403111906/tools/bin/../lib/gcc/arm-none-eabi/12.3.1/thumb/v7e-m+fp/hard/libgcc.a(_dvmd_tls.o)
 .ARM.attributes
                0x00000483       0x22 /Applications/STM32CubeIDE.app/Contents/Eclipse/plugins/com.st.stm32cube.ide.mcu.externaltools.gnu-tools-for-stm32.12.3.rel1.macos64_1.0.100.202403111906/tools/bin/../lib/gcc/arm-none-eabi/12.3.1/thumb/v7e-m+fp/hard/crtn.o
OUTPUT(CDAC_PROECT_STHAL2_KEYBOARD.elf elf32-littlearm)
LOAD linker stubs
LOAD /Applications/STM32CubeIDE.app/Contents/Eclipse/plugins/com.st.stm32cube.ide.mcu.externaltools.gnu-tools-for-stm32.12.3.rel1.macos64_1.0.100.202403111906/tools/bin/../lib/gcc/arm-none-eabi/12.3.1/../../../../arm-none-eabi/lib/thumb/v7e-m+fp/hard/libc.a
LOAD /Applications/STM32CubeIDE.app/Contents/Eclipse/plugins/com.st.stm32cube.ide.mcu.externaltools.gnu-tools-for-stm32.12.3.rel1.macos64_1.0.100.202403111906/tools/bin/../lib/gcc/arm-none-eabi/12.3.1/../../../../arm-none-eabi/lib/thumb/v7e-m+fp/hard/libm.a
LOAD /Applications/STM32CubeIDE.app/Contents/Eclipse/plugins/com.st.stm32cube.ide.mcu.externaltools.gnu-tools-for-stm32.12.3.rel1.macos64_1.0.100.202403111906/tools/bin/../lib/gcc/arm-none-eabi/12.3.1/thumb/v7e-m+fp/hard/libgcc.a

.debug_info     0x00000000     0xebb1
 .debug_info    0x00000000      0x4e1 ./Core/Src/keypad.o
 .debug_info    0x000004e1      0xc66 ./Core/Src/liquidcrystal_i2c.o
 .debug_info    0x00001147     0x18a4 ./Core/Src/main.o
 .debug_info    0x000029eb      0xc40 ./Core/Src/rc522.o
 .debug_info    0x0000362b     0x1063 ./Core/Src/stm32f4xx_hal_msp.o
 .debug_info    0x0000468e      0x14a ./Core/Src/stm32f4xx_it.o
 .debug_info    0x000047d8      0x512 ./Core/Src/system_stm32f4xx.o
 .debug_info    0x00004cea       0x30 ./Core/Startup/startup_stm32f407vgtx.o
 .debug_info    0x00004d1a      0x944 ./Drivers/STM32F4xx_HAL_Driver/Src/stm32f4xx_hal.o
 .debug_info    0x0000565e      0xd57 ./Drivers/STM32F4xx_HAL_Driver/Src/stm32f4xx_hal_cortex.o
 .debug_info    0x000063b5      0x6c3 ./Drivers/STM32F4xx_HAL_Driver/Src/stm32f4xx_hal_gpio.o
 .debug_info    0x00006a78     0x2415 ./Drivers/STM32F4xx_HAL_Driver/Src/stm32f4xx_hal_i2c.o
 .debug_info    0x00008e8d      0x8b1 ./Drivers/STM32F4xx_HAL_Driver/Src/stm32f4xx_hal_rcc.o
 .debug_info    0x0000973e     0x15fb ./Drivers/STM32F4xx_HAL_Driver/Src/stm32f4xx_hal_spi.o
 .debug_info    0x0000ad39     0x299d ./Drivers/STM32F4xx_HAL_Driver/Src/stm32f4xx_hal_tim.o
 .debug_info    0x0000d6d6     0x14db ./Drivers/STM32F4xx_HAL_Driver/Src/stm32f4xx_hal_tim_ex.o

.debug_abbrev   0x00000000     0x225a
 .debug_abbrev  0x00000000      0x1b2 ./Core/Src/keypad.o
 .debug_abbrev  0x000001b2      0x2cb ./Core/Src/liquidcrystal_i2c.o
 .debug_abbrev  0x0000047d      0x35c ./Core/Src/main.o
 .debug_abbrev  0x000007d9      0x29c ./Core/Src/rc522.o
 .debug_abbrev  0x00000a75      0x215 ./Core/Src/stm32f4xx_hal_msp.o
 .debug_abbrev  0x00000c8a       0xa0 ./Core/Src/stm32f4xx_it.o
 .debug_abbrev  0x00000d2a      0x11a ./Core/Src/system_stm32f4xx.o
 .debug_abbrev  0x00000e44       0x24 ./Core/Startup/startup_stm32f407vgtx.o
 .debug_abbrev  0x00000e68      0x214 ./Drivers/STM32F4xx_HAL_Driver/Src/stm32f4xx_hal.o
 .debug_abbrev  0x0000107c      0x328 ./Drivers/STM32F4xx_HAL_Driver/Src/stm32f4xx_hal_cortex.o
 .debug_abbrev  0x000013a4      0x1d4 ./Drivers/STM32F4xx_HAL_Driver/Src/stm32f4xx_hal_gpio.o
 .debug_abbrev  0x00001578      0x2ad ./Drivers/STM32F4xx_HAL_Driver/Src/stm32f4xx_hal_i2c.o
 .debug_abbrev  0x00001825      0x2b6 ./Drivers/STM32F4xx_HAL_Driver/Src/stm32f4xx_hal_rcc.o
 .debug_abbrev  0x00001adb      0x284 ./Drivers/STM32F4xx_HAL_Driver/Src/stm32f4xx_hal_spi.o
 .debug_abbrev  0x00001d5f      0x278 ./Drivers/STM32F4xx_HAL_Driver/Src/stm32f4xx_hal_tim.o
 .debug_abbrev  0x00001fd7      0x283 ./Drivers/STM32F4xx_HAL_Driver/Src/stm32f4xx_hal_tim_ex.o

.debug_aranges  0x00000000      0xff0
 .debug_aranges
                0x00000000       0x28 ./Core/Src/keypad.o
 .debug_aranges
                0x00000028      0x110 ./Core/Src/liquidcrystal_i2c.o
 .debug_aranges
                0x00000138       0x60 ./Core/Src/main.o
 .debug_aranges
                0x00000198       0xa8 ./Core/Src/rc522.o
 .debug_aranges
                0x00000240       0x58 ./Core/Src/stm32f4xx_hal_msp.o
 .debug_aranges
                0x00000298       0x68 ./Core/Src/stm32f4xx_it.o
 .debug_aranges
                0x00000300       0x28 ./Core/Src/system_stm32f4xx.o
 .debug_aranges
                0x00000328       0x28 ./Core/Startup/startup_stm32f407vgtx.o
 .debug_aranges
                0x00000350       0xf0 ./Drivers/STM32F4xx_HAL_Driver/Src/stm32f4xx_hal.o
 .debug_aranges
                0x00000440      0x120 ./Drivers/STM32F4xx_HAL_Driver/Src/stm32f4xx_hal_cortex.o
 .debug_aranges
                0x00000560       0x58 ./Drivers/STM32F4xx_HAL_Driver/Src/stm32f4xx_hal_gpio.o
 .debug_aranges
                0x000005b8      0x2a8 ./Drivers/STM32F4xx_HAL_Driver/Src/stm32f4xx_hal_i2c.o
 .debug_aranges
                0x00000860       0x88 ./Drivers/STM32F4xx_HAL_Driver/Src/stm32f4xx_hal_rcc.o
 .debug_aranges
                0x000008e8      0x1d0 ./Drivers/STM32F4xx_HAL_Driver/Src/stm32f4xx_hal_spi.o
 .debug_aranges
                0x00000ab8      0x3d0 ./Drivers/STM32F4xx_HAL_Driver/Src/stm32f4xx_hal_tim.o
 .debug_aranges
                0x00000e88      0x168 ./Drivers/STM32F4xx_HAL_Driver/Src/stm32f4xx_hal_tim_ex.o

.debug_rnglists
                0x00000000      0xc76
 .debug_rnglists
                0x00000000       0x1b ./Core/Src/keypad.o
 .debug_rnglists
                0x0000001b       0xc8 ./Core/Src/liquidcrystal_i2c.o
 .debug_rnglists
                0x000000e3       0x48 ./Core/Src/main.o
 .debug_rnglists
                0x0000012b       0x7e ./Core/Src/rc522.o
 .debug_rnglists
                0x000001a9       0x3f ./Core/Src/stm32f4xx_hal_msp.o
 .debug_rnglists
                0x000001e8       0x49 ./Core/Src/stm32f4xx_it.o
 .debug_rnglists
                0x00000231       0x1a ./Core/Src/system_stm32f4xx.o
 .debug_rnglists
                0x0000024b       0x19 ./Core/Startup/startup_stm32f407vgtx.o
 .debug_rnglists
                0x00000264       0xaf ./Drivers/STM32F4xx_HAL_Driver/Src/stm32f4xx_hal.o
 .debug_rnglists
                0x00000313       0xd4 ./Drivers/STM32F4xx_HAL_Driver/Src/stm32f4xx_hal_cortex.o
 .debug_rnglists
                0x000003e7       0x3f ./Drivers/STM32F4xx_HAL_Driver/Src/stm32f4xx_hal_gpio.o
 .debug_rnglists
                0x00000426      0x23c ./Drivers/STM32F4xx_HAL_Driver/Src/stm32f4xx_hal_i2c.o
 .debug_rnglists
                0x00000662       0x66 ./Drivers/STM32F4xx_HAL_Driver/Src/stm32f4xx_hal_rcc.o
 .debug_rnglists
                0x000006c8      0x16f ./Drivers/STM32F4xx_HAL_Driver/Src/stm32f4xx_hal_spi.o
 .debug_rnglists
                0x00000837      0x31a ./Drivers/STM32F4xx_HAL_Driver/Src/stm32f4xx_hal_tim.o
 .debug_rnglists
                0x00000b51      0x125 ./Drivers/STM32F4xx_HAL_Driver/Src/stm32f4xx_hal_tim_ex.o

.debug_macro    0x00000000    0x21a6d
 .debug_macro   0x00000000      0x208 ./Core/Src/keypad.o
 .debug_macro   0x00000208      0xab4 ./Core/Src/keypad.o
 .debug_macro   0x00000cbc      0x2a1 ./Core/Src/keypad.o
 .debug_macro   0x00000f5d       0x2e ./Core/Src/keypad.o
 .debug_macro   0x00000f8b       0x2f ./Core/Src/keypad.o
 .debug_macro   0x00000fba       0x22 ./Core/Src/keypad.o
 .debug_macro   0x00000fdc       0x8e ./Core/Src/keypad.o
 .debug_macro   0x0000106a       0x51 ./Core/Src/keypad.o
 .debug_macro   0x000010bb      0x103 ./Core/Src/keypad.o
 .debug_macro   0x000011be       0x6a ./Core/Src/keypad.o
 .debug_macro   0x00001228      0x1df ./Core/Src/keypad.o
 .debug_macro   0x00001407       0x1c ./Core/Src/keypad.o
 .debug_macro   0x00001423       0x22 ./Core/Src/keypad.o
 .debug_macro   0x00001445       0xfb ./Core/Src/keypad.o
 .debug_macro   0x00001540     0x1011 ./Core/Src/keypad.o
 .debug_macro   0x00002551      0x11f ./Core/Src/keypad.o
 .debug_macro   0x00002670    0x15e97 ./Core/Src/keypad.o
 .debug_macro   0x00018507       0x6d ./Core/Src/keypad.o
 .debug_macro   0x00018574     0x368c ./Core/Src/keypad.o
 .debug_macro   0x0001bc00      0x189 ./Core/Src/keypad.o
 .debug_macro   0x0001bd89       0x5c ./Core/Src/keypad.o
 .debug_macro   0x0001bde5      0x980 ./Core/Src/keypad.o
 .debug_macro   0x0001c765      0x9e9 ./Core/Src/keypad.o
 .debug_macro   0x0001d14e      0x115 ./Core/Src/keypad.o
 .debug_macro   0x0001d263      0x13e ./Core/Src/keypad.o
 .debug_macro   0x0001d3a1       0xa5 ./Core/Src/keypad.o
 .debug_macro   0x0001d446      0x174 ./Core/Src/keypad.o
 .debug_macro   0x0001d5ba      0x287 ./Core/Src/keypad.o
 .debug_macro   0x0001d841       0x5f ./Core/Src/keypad.o
 .debug_macro   0x0001d8a0      0x236 ./Core/Src/keypad.o
 .debug_macro   0x0001dad6      0x12c ./Core/Src/keypad.o
 .debug_macro   0x0001dc02      0x21e ./Core/Src/keypad.o
 .debug_macro   0x0001de20       0x2e ./Core/Src/keypad.o
 .debug_macro   0x0001de4e      0x1b5 ./Core/Src/keypad.o
 .debug_macro   0x0001e003       0xd6 ./Core/Src/keypad.o
 .debug_macro   0x0001e0d9      0x127 ./Core/Src/keypad.o
 .debug_macro   0x0001e200       0x7e ./Core/Src/keypad.o
 .debug_macro   0x0001e27e       0x89 ./Core/Src/keypad.o
 .debug_macro   0x0001e307      0x225 ./Core/Src/keypad.o
 .debug_macro   0x0001e52c      0x8ed ./Core/Src/keypad.o
 .debug_macro   0x0001ee19       0x4d ./Core/Src/keypad.o
 .debug_macro   0x0001ee66      0x12d ./Core/Src/keypad.o
 .debug_macro   0x0001ef93      0x1f7 ./Core/Src/liquidcrystal_i2c.o
 .debug_macro   0x0001f18a       0xd0 ./Core/Src/liquidcrystal_i2c.o
 .debug_macro   0x0001f25a      0x2e0 ./Core/Src/main.o
 .debug_macro   0x0001f53a      0x244 ./Core/Src/main.o
 .debug_macro   0x0001f77e       0x61 ./Core/Src/main.o
 .debug_macro   0x0001f7df       0x2a ./Core/Src/main.o
 .debug_macro   0x0001f809       0x43 ./Core/Src/main.o
 .debug_macro   0x0001f84c       0x34 ./Core/Src/main.o
 .debug_macro   0x0001f880       0x16 ./Core/Src/main.o
 .debug_macro   0x0001f896       0x43 ./Core/Src/main.o
 .debug_macro   0x0001f8d9       0x34 ./Core/Src/main.o
 .debug_macro   0x0001f90d       0x10 ./Core/Src/main.o
 .debug_macro   0x0001f91d       0x58 ./Core/Src/main.o
 .debug_macro   0x0001f975       0x8e ./Core/Src/main.o
 .debug_macro   0x0001fa03       0x1c ./Core/Src/main.o
 .debug_macro   0x0001fa1f      0x177 ./Core/Src/main.o
 .debug_macro   0x0001fb96      0x369 ./Core/Src/main.o
 .debug_macro   0x0001feff       0x10 ./Core/Src/main.o
 .debug_macro   0x0001ff0f       0x35 ./Core/Src/main.o
 .debug_macro   0x0001ff44       0x20 ./Core/Src/main.o
 .debug_macro   0x0001ff64       0xd6 ./Core/Src/main.o
 .debug_macro   0x0002003a      0x1f7 ./Core/Src/rc522.o
 .debug_macro   0x00020231      0x23e ./Core/Src/rc522.o
 .debug_macro   0x0002046f      0x1f2 ./Core/Src/stm32f4xx_hal_msp.o
 .debug_macro   0x00020661      0x1fc ./Core/Src/stm32f4xx_it.o
 .debug_macro   0x0002085d      0x1e8 ./Core/Src/system_stm32f4xx.o
 .debug_macro   0x00020a45      0x248 ./Drivers/STM32F4xx_HAL_Driver/Src/stm32f4xx_hal.o
 .debug_macro   0x00020c8d      0x1e8 ./Drivers/STM32F4xx_HAL_Driver/Src/stm32f4xx_hal_cortex.o
 .debug_macro   0x00020e75      0x1ee ./Drivers/STM32F4xx_HAL_Driver/Src/stm32f4xx_hal_gpio.o
 .debug_macro   0x00021063      0x236 ./Drivers/STM32F4xx_HAL_Driver/Src/stm32f4xx_hal_i2c.o
 .debug_macro   0x00021299      0x20c ./Drivers/STM32F4xx_HAL_Driver/Src/stm32f4xx_hal_rcc.o
 .debug_macro   0x000214a5      0x1f7 ./Drivers/STM32F4xx_HAL_Driver/Src/stm32f4xx_hal_spi.o
 .debug_macro   0x0002169c      0x1e9 ./Drivers/STM32F4xx_HAL_Driver/Src/stm32f4xx_hal_tim.o
 .debug_macro   0x00021885      0x1e8 ./Drivers/STM32F4xx_HAL_Driver/Src/stm32f4xx_hal_tim_ex.o

.debug_line     0x00000000    0x11bdd
 .debug_line    0x00000000      0x820 ./Core/Src/keypad.o
 .debug_line    0x00000820      0xb02 ./Core/Src/liquidcrystal_i2c.o
 .debug_line    0x00001322      0xae8 ./Core/Src/main.o
 .debug_line    0x00001e0a      0xc0f ./Core/Src/rc522.o
 .debug_line    0x00002a19      0x817 ./Core/Src/stm32f4xx_hal_msp.o
 .debug_line    0x00003230      0x7f1 ./Core/Src/stm32f4xx_it.o
 .debug_line    0x00003a21      0x798 ./Core/Src/system_stm32f4xx.o
 .debug_line    0x000041b9       0x7a ./Core/Startup/startup_stm32f407vgtx.o
 .debug_line    0x00004233      0xa01 ./Drivers/STM32F4xx_HAL_Driver/Src/stm32f4xx_hal.o
 .debug_line    0x00004c34      0xcc9 ./Drivers/STM32F4xx_HAL_Driver/Src/stm32f4xx_hal_cortex.o
 .debug_line    0x000058fd      0xb8d ./Drivers/STM32F4xx_HAL_Driver/Src/stm32f4xx_hal_gpio.o
 .debug_line    0x0000648a     0x3b47 ./Drivers/STM32F4xx_HAL_Driver/Src/stm32f4xx_hal_i2c.o
 .debug_line    0x00009fd1      0xd74 ./Drivers/STM32F4xx_HAL_Driver/Src/stm32f4xx_hal_rcc.o
 .debug_line    0x0000ad45     0x1cfc ./Drivers/STM32F4xx_HAL_Driver/Src/stm32f4xx_hal_spi.o
 .debug_line    0x0000ca41     0x37a5 ./Drivers/STM32F4xx_HAL_Driver/Src/stm32f4xx_hal_tim.o
 .debug_line    0x000101e6     0x19f7 ./Drivers/STM32F4xx_HAL_Driver/Src/stm32f4xx_hal_tim_ex.o

.debug_str      0x00000000    0xcd052
 .debug_str     0x00000000    0xc4cd0 ./Core/Src/keypad.o
                              0xc4f5a (size before relaxing)
 .debug_str     0x000c4cd0      0xaf2 ./Core/Src/liquidcrystal_i2c.o
                              0xc58c9 (size before relaxing)
 .debug_str     0x000c57c2     0x44cf ./Core/Src/main.o
                              0xc9cc3 (size before relaxing)
 .debug_str     0x000c9c91      0x1e1 ./Core/Src/rc522.o
                              0xc5a7c (size before relaxing)
 .debug_str     0x000c9e72       0xe2 ./Core/Src/stm32f4xx_hal_msp.o
                              0xc591b (size before relaxing)
 .debug_str     0x000c9f54       0xf5 ./Core/Src/stm32f4xx_it.o
                              0xc4e0d (size before relaxing)
 .debug_str     0x000ca049       0xcb ./Core/Src/system_stm32f4xx.o
                              0xc4ef7 (size before relaxing)
 .debug_str     0x000ca114       0x8e ./Core/Startup/startup_stm32f407vgtx.o
 .debug_str     0x000ca1a2      0x5e1 ./Drivers/STM32F4xx_HAL_Driver/Src/stm32f4xx_hal.o
                              0xc5a7b (size before relaxing)
 .debug_str     0x000ca783      0x34e ./Drivers/STM32F4xx_HAL_Driver/Src/stm32f4xx_hal_cortex.o
                              0xc57c5 (size before relaxing)
 .debug_str     0x000caad1       0xf7 ./Drivers/STM32F4xx_HAL_Driver/Src/stm32f4xx_hal_gpio.o
                              0xc5072 (size before relaxing)
 .debug_str     0x000cabc8      0xb45 ./Drivers/STM32F4xx_HAL_Driver/Src/stm32f4xx_hal_i2c.o
                              0xc5f15 (size before relaxing)
 .debug_str     0x000cb70d      0x213 ./Drivers/STM32F4xx_HAL_Driver/Src/stm32f4xx_hal_rcc.o
                              0xc532b (size before relaxing)
 .debug_str     0x000cb920      0x548 ./Drivers/STM32F4xx_HAL_Driver/Src/stm32f4xx_hal_spi.o
                              0xc57bb (size before relaxing)
 .debug_str     0x000cbe68      0xd57 ./Drivers/STM32F4xx_HAL_Driver/Src/stm32f4xx_hal_tim.o
                              0xc6281 (size before relaxing)
 .debug_str     0x000ccbbf      0x493 ./Drivers/STM32F4xx_HAL_Driver/Src/stm32f4xx_hal_tim_ex.o
                              0xc5a8d (size before relaxing)

.comment        0x00000000       0x43
 .comment       0x00000000       0x43 ./Core/Src/keypad.o
                                 0x44 (size before relaxing)
 .comment       0x00000043       0x44 ./Core/Src/liquidcrystal_i2c.o
 .comment       0x00000043       0x44 ./Core/Src/main.o
 .comment       0x00000043       0x44 ./Core/Src/rc522.o
 .comment       0x00000043       0x44 ./Core/Src/stm32f4xx_hal_msp.o
 .comment       0x00000043       0x44 ./Core/Src/stm32f4xx_it.o
 .comment       0x00000043       0x44 ./Core/Src/system_stm32f4xx.o
 .comment       0x00000043       0x44 ./Drivers/STM32F4xx_HAL_Driver/Src/stm32f4xx_hal.o
 .comment       0x00000043       0x44 ./Drivers/STM32F4xx_HAL_Driver/Src/stm32f4xx_hal_cortex.o
 .comment       0x00000043       0x44 ./Drivers/STM32F4xx_HAL_Driver/Src/stm32f4xx_hal_gpio.o
 .comment       0x00000043       0x44 ./Drivers/STM32F4xx_HAL_Driver/Src/stm32f4xx_hal_i2c.o
 .comment       0x00000043       0x44 ./Drivers/STM32F4xx_HAL_Driver/Src/stm32f4xx_hal_rcc.o
 .comment       0x00000043       0x44 ./Drivers/STM32F4xx_HAL_Driver/Src/stm32f4xx_hal_spi.o
 .comment       0x00000043       0x44 ./Drivers/STM32F4xx_HAL_Driver/Src/stm32f4xx_hal_tim.o
 .comment       0x00000043       0x44 ./Drivers/STM32F4xx_HAL_Driver/Src/stm32f4xx_hal_tim_ex.o

.debug_frame    0x00000000     0x4390
 .debug_frame   0x00000000       0x58 ./Core/Src/keypad.o
 .debug_frame   0x00000058      0x3f0 ./Core/Src/liquidcrystal_i2c.o
 .debug_frame   0x00000448      0x134 ./Core/Src/main.o
 .debug_frame   0x0000057c      0x288 ./Core/Src/rc522.o
 .debug_frame   0x00000804      0x138 ./Core/Src/stm32f4xx_hal_msp.o
 .debug_frame   0x0000093c      0x120 ./Core/Src/stm32f4xx_it.o
 .debug_frame   0x00000a5c       0x58 ./Core/Src/system_stm32f4xx.o
 .debug_frame   0x00000ab4      0x374 ./Drivers/STM32F4xx_HAL_Driver/Src/stm32f4xx_hal.o
 .debug_frame   0x00000e28      0x4b8 ./Drivers/STM32F4xx_HAL_Driver/Src/stm32f4xx_hal_cortex.o
 .debug_frame   0x000012e0      0x14c ./Drivers/STM32F4xx_HAL_Driver/Src/stm32f4xx_hal_gpio.o
 .debug_frame   0x0000142c      0xc84 ./Drivers/STM32F4xx_HAL_Driver/Src/stm32f4xx_hal_i2c.o
 .debug_frame   0x000020b0      0x1f4 ./Drivers/STM32F4xx_HAL_Driver/Src/stm32f4xx_hal_rcc.o
 .debug_frame   0x000022a4      0x828 ./Drivers/STM32F4xx_HAL_Driver/Src/stm32f4xx_hal_spi.o
 .debug_frame   0x00002acc     0x11c0 ./Drivers/STM32F4xx_HAL_Driver/Src/stm32f4xx_hal_tim.o
 .debug_frame   0x00003c8c      0x638 ./Drivers/STM32F4xx_HAL_Driver/Src/stm32f4xx_hal_tim_ex.o
 .debug_frame   0x000042c4       0x20 /Applications/STM32CubeIDE.app/Contents/Eclipse/plugins/com.st.stm32cube.ide.mcu.externaltools.gnu-tools-for-stm32.12.3.rel1.macos64_1.0.100.202403111906/tools/bin/../lib/gcc/arm-none-eabi/12.3.1/../../../../arm-none-eabi/lib/thumb/v7e-m+fp/hard/libc_nano.a(libc_a-memset.o)
 .debug_frame   0x000042e4       0x2c /Applications/STM32CubeIDE.app/Contents/Eclipse/plugins/com.st.stm32cube.ide.mcu.externaltools.gnu-tools-for-stm32.12.3.rel1.macos64_1.0.100.202403111906/tools/bin/../lib/gcc/arm-none-eabi/12.3.1/../../../../arm-none-eabi/lib/thumb/v7e-m+fp/hard/libc_nano.a(libc_a-init.o)
 .debug_frame   0x00004310       0x20 /Applications/STM32CubeIDE.app/Contents/Eclipse/plugins/com.st.stm32cube.ide.mcu.externaltools.gnu-tools-for-stm32.12.3.rel1.macos64_1.0.100.202403111906/tools/bin/../lib/gcc/arm-none-eabi/12.3.1/../../../../arm-none-eabi/lib/thumb/v7e-m+fp/hard/libc_nano.a(libc_a-strcmp.o)
 .debug_frame   0x00004330       0x2c /Applications/STM32CubeIDE.app/Contents/Eclipse/plugins/com.st.stm32cube.ide.mcu.externaltools.gnu-tools-for-stm32.12.3.rel1.macos64_1.0.100.202403111906/tools/bin/../lib/gcc/arm-none-eabi/12.3.1/thumb/v7e-m+fp/hard/libgcc.a(_aeabi_uldivmod.o)
 .debug_frame   0x0000435c       0x34 /Applications/STM32CubeIDE.app/Contents/Eclipse/plugins/com.st.stm32cube.ide.mcu.externaltools.gnu-tools-for-stm32.12.3.rel1.macos64_1.0.100.202403111906/tools/bin/../lib/gcc/arm-none-eabi/12.3.1/thumb/v7e-m+fp/hard/libgcc.a(_udivmoddi4.o)

.debug_line_str
                0x00000000       0x72
 .debug_line_str
                0x00000000       0x72 ./Core/Startup/startup_stm32f407vgtx.o
